Archive member included to satisfy reference by file (symbol)

/opt/homebrew/Cellar/avr-gcc@9/9.5.0/lib/avr-gcc/9/gcc/avr/9.5.0/avr5/libgcc.a(_udivmodhi4.o)
                              build/main.o (__udivmodhi4)
/opt/homebrew/Cellar/avr-gcc@9/9.5.0/lib/avr-gcc/9/gcc/avr/9.5.0/avr5/libgcc.a(_udivmodsi4.o)
                              build/main.o (__udivmodsi4)
/opt/homebrew/Cellar/avr-gcc@9/9.5.0/lib/avr-gcc/9/gcc/avr/9.5.0/avr5/libgcc.a(_exit.o)
                              /opt/homebrew/Cellar/avr-gcc@9/9.5.0/lib/avr-gcc/9/gcc/avr/9.5.0/../../../../../../avr/lib/avr5/crtatmega328p.o (exit)
/opt/homebrew/Cellar/avr-gcc@9/9.5.0/lib/avr-gcc/9/gcc/avr/9.5.0/avr5/libgcc.a(_tablejump2.o)
                              build/protocol.o (__tablejump2__)
/opt/homebrew/Cellar/avr-gcc@9/9.5.0/lib/avr-gcc/9/gcc/avr/9.5.0/avr5/libgcc.a(_copy_data.o)
                              build/stepper.o (__do_copy_data)
/opt/homebrew/Cellar/avr-gcc@9/9.5.0/lib/avr-gcc/9/gcc/avr/9.5.0/avr5/libgcc.a(_clear_bss.o)
                              build/main.o (__do_clear_bss)
/opt/homebrew/Cellar/avr-gcc@9/9.5.0/lib/avr-gcc/9/gcc/avr/9.5.0/avr5/libgcc.a(_umulhisi3.o)
                              build/runtime_profiler.o (__umulhisi3)

Merging object attributes


There are no discarded input sections

Memory Configuration

Name             Origin             Length             Attributes
text             0x00000000         0x00020000         xr
data             0x00800060         0x0000ffa0         rw!x
eeprom           0x00810000         0x00010000         rw!x
fuse             0x00820000         0x00000003         rw!x
lock             0x00830000         0x00000400         rw!x
signature        0x00840000         0x00000400         rw!x
user_signatures  0x00850000         0x00000400         rw!x
*default*        0x00000000         0xffffffff

Linker script and memory map

Address of section .data set to 0x800100
LOAD /opt/homebrew/Cellar/avr-gcc@9/9.5.0/lib/avr-gcc/9/gcc/avr/9.5.0/../../../../../../avr/lib/avr5/crtatmega328p.o
LOAD build/main.o
LOAD build/system_time.o
LOAD build/timing.o
LOAD build/scheduler.o
LOAD build/adc.o
LOAD build/hcsr04.o
LOAD build/stepper.o
LOAD build/servo.o
LOAD build/dc_motor.o
LOAD build/relay.o
LOAD build/system_fsm.o
LOAD build/safety.o
LOAD build/diagnostics.o
LOAD build/timing_profiler.o
LOAD build/memory_profiler.o
LOAD build/runtime_profiler.o
LOAD build/uart.o
LOAD build/watchdog.o
LOAD build/crc8.o
LOAD build/protocol.o
START GROUP
LOAD /opt/homebrew/Cellar/avr-gcc@9/9.5.0/lib/avr-gcc/9/gcc/avr/9.5.0/avr5/libgcc.a
LOAD /opt/homebrew/Cellar/avr-gcc@9/9.5.0/lib/avr-gcc/9/gcc/avr/9.5.0/../../../../../../avr/lib/avr5/libm.a
LOAD /opt/homebrew/Cellar/avr-gcc@9/9.5.0/lib/avr-gcc/9/gcc/avr/9.5.0/../../../../../../avr/lib/avr5/libc.a
LOAD /opt/homebrew/Cellar/avr-gcc@9/9.5.0/lib/avr-gcc/9/gcc/avr/9.5.0/../../../../../../avr/lib/avr5/libatmega328p.a
END GROUP
                0x00000000                        __TEXT_REGION_ORIGIN__ = DEFINED (__TEXT_REGION_ORIGIN__)?__TEXT_REGION_ORIGIN__:0x0
                0x00020000                        __TEXT_REGION_LENGTH__ = DEFINED (__TEXT_REGION_LENGTH__)?__TEXT_REGION_LENGTH__:0x20000
                0x00800060                        __DATA_REGION_ORIGIN__ = DEFINED (__DATA_REGION_ORIGIN__)?__DATA_REGION_ORIGIN__:0x800060
                0x0000ffa0                        __DATA_REGION_LENGTH__ = DEFINED (__DATA_REGION_LENGTH__)?__DATA_REGION_LENGTH__:0xffa0
                0x00010000                        __EEPROM_REGION_LENGTH__ = DEFINED (__EEPROM_REGION_LENGTH__)?__EEPROM_REGION_LENGTH__:0x10000
                [0x00000003]                      __FUSE_REGION_LENGTH__ = DEFINED (__FUSE_REGION_LENGTH__)?__FUSE_REGION_LENGTH__:0x400
                0x00000400                        __LOCK_REGION_LENGTH__ = DEFINED (__LOCK_REGION_LENGTH__)?__LOCK_REGION_LENGTH__:0x400
                0x00000400                        __SIGNATURE_REGION_LENGTH__ = DEFINED (__SIGNATURE_REGION_LENGTH__)?__SIGNATURE_REGION_LENGTH__:0x400
                0x00000400                        __USER_SIGNATURE_REGION_LENGTH__ = DEFINED (__USER_SIGNATURE_REGION_LENGTH__)?__USER_SIGNATURE_REGION_LENGTH__:0x400

.hash
 *(.hash)

.dynsym
 *(.dynsym)

.dynstr
 *(.dynstr)

.gnu.version
 *(.gnu.version)

.gnu.version_d
 *(.gnu.version_d)

.gnu.version_r
 *(.gnu.version_r)

.rel.init
 *(.rel.init)

.rela.init
 *(.rela.init)

.rel.text
 *(.rel.text)
 *(.rel.text.*)
 *(.rel.gnu.linkonce.t*)

.rela.text
 *(.rela.text)
 *(.rela.text.*)
 *(.rela.gnu.linkonce.t*)

.rel.fini
 *(.rel.fini)

.rela.fini
 *(.rela.fini)

.rel.rodata
 *(.rel.rodata)
 *(.rel.rodata.*)
 *(.rel.gnu.linkonce.r*)

.rela.rodata
 *(.rela.rodata)
 *(.rela.rodata.*)
 *(.rela.gnu.linkonce.r*)

.rel.data
 *(.rel.data)
 *(.rel.data.*)
 *(.rel.gnu.linkonce.d*)

.rela.data
 *(.rela.data)
 *(.rela.data.*)
 *(.rela.gnu.linkonce.d*)

.rel.ctors
 *(.rel.ctors)

.rela.ctors
 *(.rela.ctors)

.rel.dtors
 *(.rel.dtors)

.rela.dtors
 *(.rela.dtors)

.rel.got
 *(.rel.got)

.rela.got
 *(.rela.got)

.rel.bss
 *(.rel.bss)

.rela.bss
 *(.rela.bss)

.rel.plt
 *(.rel.plt)

.rela.plt
 *(.rela.plt)

.text           0x00000000     0x1ae6
 *(.vectors)
 .vectors       0x00000000       0x68 /opt/homebrew/Cellar/avr-gcc@9/9.5.0/lib/avr-gcc/9/gcc/avr/9.5.0/../../../../../../avr/lib/avr5/crtatmega328p.o
                0x00000000                __vectors
                0x00000000                __vector_default
 *(.vectors)
                0x00000068                        __progmem_start = .
 *(.progmem)
 *(.progmem.*)
                0x00000068                        __progmem_end = .
                0x00000001                        ASSERT (((__progmem_start == __progmem_end) || (__progmem_end <= 0x10000)), .progmem section exceeds 0x10000)
                0x00000068                        . = ALIGN (0x2)
                0x00000068                        __trampolines_start = .
 *(.trampolines)
 .trampolines   0x00000068        0x0 linker stubs
 *(.trampolines*)
                0x00000068                        __trampolines_end = .
                0x00000068                        . = ALIGN (0x2)
 *(.lowtext)
 *(.lowtext*)
                0x00000068                        __ctors_start = .
 *(.ctors)
                0x00000068                        __ctors_end = .
                0x00000068                        __dtors_start = .
 *(.dtors)
                0x00000068                        __dtors_end = .
 SORT_BY_NAME(*)(.ctors)
 SORT_BY_NAME(*)(.dtors)
 *(.init0)
 .init0         0x00000068        0x0 /opt/homebrew/Cellar/avr-gcc@9/9.5.0/lib/avr-gcc/9/gcc/avr/9.5.0/../../../../../../avr/lib/avr5/crtatmega328p.o
                0x00000068                __init
 .init0         0x00000068       0x28 build/watchdog.o
 *(.init0)
 *(.init1)
 *(.init1)
 *(.init2)
 .init2         0x00000090        0xc /opt/homebrew/Cellar/avr-gcc@9/9.5.0/lib/avr-gcc/9/gcc/avr/9.5.0/../../../../../../avr/lib/avr5/crtatmega328p.o
 *(.init2)
 *(.init3)
 .init3         0x0000009c       0x18 build/watchdog.o
 *(.init3)
 *(.init4)
 .init4         0x000000b4       0x16 /opt/homebrew/Cellar/avr-gcc@9/9.5.0/lib/avr-gcc/9/gcc/avr/9.5.0/avr5/libgcc.a(_copy_data.o)
                0x000000b4                __do_copy_data
 .init4         0x000000ca       0x10 /opt/homebrew/Cellar/avr-gcc@9/9.5.0/lib/avr-gcc/9/gcc/avr/9.5.0/avr5/libgcc.a(_clear_bss.o)
                0x000000ca                __do_clear_bss
 *(.init4)
 *(.init5)
 *(.init5)
 *(.init6)
 *(.init6)
 *(.init7)
 *(.init7)
 *(.init8)
 *(.init8)
 *(.init9)
 .init9         0x000000da        0x8 /opt/homebrew/Cellar/avr-gcc@9/9.5.0/lib/avr-gcc/9/gcc/avr/9.5.0/../../../../../../avr/lib/avr5/crtatmega328p.o
 *(.init9)
 *(.text)
 .text          0x000000e2        0x4 /opt/homebrew/Cellar/avr-gcc@9/9.5.0/lib/avr-gcc/9/gcc/avr/9.5.0/../../../../../../avr/lib/avr5/crtatmega328p.o
                0x000000e2                __vector_20
                0x000000e2                __vector_1
                0x000000e2                __vector_24
                0x000000e2                __vector_12
                0x000000e2                __bad_interrupt
                0x000000e2                __vector_3
                0x000000e2                __vector_23
                0x000000e2                __vector_25
                0x000000e2                __vector_13
                0x000000e2                __vector_17
                0x000000e2                __vector_5
                0x000000e2                __vector_4
                0x000000e2                __vector_9
                0x000000e2                __vector_2
                0x000000e2                __vector_21
                0x000000e2                __vector_15
                0x000000e2                __vector_8
                0x000000e2                __vector_14
                0x000000e2                __vector_16
                0x000000e2                __vector_22
 .text          0x000000e6      0x4f0 build/main.o
 .text          0x000005d6       0xc8 build/system_time.o
                0x000005d6                __vector_7
                0x0000061c                system_time_init
                0x0000065e                system_time_ms
 .text          0x0000069e        0xa build/timing.o
                0x0000069e                timing_counter_ticks
 .text          0x000006a8       0xf6 build/scheduler.o
                0x000006a8                scheduler_init
                0x000006ce                scheduler_add_task
                0x00000734                scheduler_run
 .text          0x0000079e       0x38 build/adc.o
                0x0000079e                adc_init
                0x000007ac                adc_read
 .text          0x000007d6      0x144 build/hcsr04.o
                0x000007d6                __vector_10
                0x00000850                hcsr04_init
                0x0000088e                hcsr04_start
                0x000008da                hcsr04_result_ready
                0x000008e0                hcsr04_get_pulse_ticks
                0x000008f0                hcsr04_abort
 .text          0x0000091a       0x94 build/stepper.o
                0x0000093e                stepper_step_forward
                0x00000994                stepper_stop
                0x0000099e                stepper_init
 .text          0x000009ae       0xd0 build/servo.o
                0x000009ae                __vector_11
                0x00000a26                servo_init
                0x00000a5c                servo_set_pulse_ms
                0x00000a6a                servo_service_1ms
                0x00000a6c                servo_stop
 .text          0x00000a7e       0x1a build/dc_motor.o
                0x00000a7e                dc_motor_forward
                0x00000a84                dc_motor_reverse
                0x00000a8a                dc_motor_stop
                0x00000a90                dc_motor_init
 .text          0x00000a98        0xe build/relay.o
                0x00000a98                relay_on
                0x00000a9c                relay_off
                0x00000aa0                relay_init
 .text          0x00000aa6       0x5e build/system_fsm.o
                0x00000aa6                system_fsm_init
                0x00000ab0                system_fsm_handle_event
                0x00000afa                system_fsm_get_state
 .text          0x00000b04       0x16 build/safety.o
                0x00000b04                safety_obstacle_is_critical
 .text          0x00000b1a       0x56 build/diagnostics.o
                0x00000b1a                diagnostics_init
                0x00000b2c                diagnostics_record_fault
                0x00000b5c                diagnostics_get_last_fault
                0x00000b66                diagnostics_get_fault_count
 .text          0x00000b70      0x186 build/timing_profiler.o
                0x00000b70                timing_profiler_init
                0x00000bac                timing_profiler_record
                0x00000bcc                timing_profiler_get_max_ticks
                0x00000be8                timing_profiler_record_start
                0x00000cda                timing_profiler_get_max_jitter_ms
 .text          0x00000cf6       0xc2 build/memory_profiler.o
                0x00000cf6                memory_profiler_init
                0x00000d54                memory_profiler_get_min_free_bytes
                0x00000d98                memory_profiler_get_painted_bytes
                0x00000da2                memory_profiler_get_used_painted_bytes
 .text          0x00000db8      0x178 build/runtime_profiler.o
                0x00000db8                runtime_profiler_init
                0x00000dee                runtime_profiler_record_execution
                0x00000ea0                runtime_profiler_get_busy_ticks
                0x00000ece                runtime_profiler_get_elapsed_ms
                0x00000f14                runtime_profiler_get_overrun_count
 .text          0x00000f30      0x17c build/uart.o
                0x00000f30                __vector_18
                0x00000f84                __vector_19
                0x00000fcc                uart_init
                0x00000ffc                uart_write_byte
                0x0000100a                uart_write_string
                0x00001022                uart_tx_write
                0x00001074                uart_read_byte
                0x000010a6                uart_rx_overflow_count
 .text          0x000010ac       0x46 build/watchdog.o
                0x000010ac                watchdog_get_reset_cause
                0x000010b2                watchdog_previous_timeout_detected
                0x000010c0                watchdog_enable
                0x000010dc                watchdog_kick
                0x000010e0                __vector_6
 .text          0x000010f2       0x2e build/crc8.o
                0x000010f2                crc8_compute
 .text          0x00001120      0x84e build/protocol.o
                0x00001232                protocol_init
                0x00001292                protocol_process_byte
                0x00001546                protocol_check_timeout
                0x0000158e                protocol_get_timeout_count
                0x00001594                protocol_get_crc_error_count
                0x0000159a                protocol_response_pending
                0x000015a0                protocol_get_response
                0x000015e0                protocol_response_sent
                0x000015e6                protocol_send_frame
                0x000015fc                protocol_comm_status_requested
                0x00001618                protocol_send_comm_status
                0x00001660                protocol_timing_status_requested
                0x0000167c                protocol_send_timing_status
                0x000016d6                protocol_jitter_status_requested
                0x000016f2                protocol_send_jitter_status
                0x0000174c                protocol_runtime_memory_status_requested
                0x00001768                protocol_send_runtime_memory_status
                0x000017b6                protocol_cpu_load_status_requested
                0x000017d2                protocol_send_cpu_load_status
                0x0000182c                protocol_overrun_status_requested
                0x00001848                protocol_send_overrun_status
                0x000018a2                protocol_reset_cause_requested
                0x000018be                protocol_send_reset_cause
                0x00001902                protocol_watchdog_block_requested
                0x00001908                protocol_watchdog_status_requested
                0x00001924                protocol_send_watchdog_status
 .text          0x0000196e        0x0 /opt/homebrew/Cellar/avr-gcc@9/9.5.0/lib/avr-gcc/9/gcc/avr/9.5.0/avr5/libgcc.a(_udivmodhi4.o)
 .text          0x0000196e        0x0 /opt/homebrew/Cellar/avr-gcc@9/9.5.0/lib/avr-gcc/9/gcc/avr/9.5.0/avr5/libgcc.a(_udivmodsi4.o)
 .text          0x0000196e        0x0 /opt/homebrew/Cellar/avr-gcc@9/9.5.0/lib/avr-gcc/9/gcc/avr/9.5.0/avr5/libgcc.a(_exit.o)
 .text          0x0000196e        0x0 /opt/homebrew/Cellar/avr-gcc@9/9.5.0/lib/avr-gcc/9/gcc/avr/9.5.0/avr5/libgcc.a(_tablejump2.o)
 .text          0x0000196e        0x0 /opt/homebrew/Cellar/avr-gcc@9/9.5.0/lib/avr-gcc/9/gcc/avr/9.5.0/avr5/libgcc.a(_copy_data.o)
 .text          0x0000196e        0x0 /opt/homebrew/Cellar/avr-gcc@9/9.5.0/lib/avr-gcc/9/gcc/avr/9.5.0/avr5/libgcc.a(_clear_bss.o)
 .text          0x0000196e        0x0 /opt/homebrew/Cellar/avr-gcc@9/9.5.0/lib/avr-gcc/9/gcc/avr/9.5.0/avr5/libgcc.a(_umulhisi3.o)
                0x0000196e                        . = ALIGN (0x2)
 *(.text.*)
 .text.startup  0x0000196e       0xd2 build/main.o
                0x0000196e                main
 .text.libgcc.mul
                0x00001a40        0x0 /opt/homebrew/Cellar/avr-gcc@9/9.5.0/lib/avr-gcc/9/gcc/avr/9.5.0/avr5/libgcc.a(_udivmodhi4.o)
 .text.libgcc.div
                0x00001a40       0x28 /opt/homebrew/Cellar/avr-gcc@9/9.5.0/lib/avr-gcc/9/gcc/avr/9.5.0/avr5/libgcc.a(_udivmodhi4.o)
                0x00001a40                __udivmodhi4
 .text.libgcc   0x00001a68        0x0 /opt/homebrew/Cellar/avr-gcc@9/9.5.0/lib/avr-gcc/9/gcc/avr/9.5.0/avr5/libgcc.a(_udivmodhi4.o)
 .text.libgcc.prologue
                0x00001a68        0x0 /opt/homebrew/Cellar/avr-gcc@9/9.5.0/lib/avr-gcc/9/gcc/avr/9.5.0/avr5/libgcc.a(_udivmodhi4.o)
 .text.libgcc.builtins
                0x00001a68        0x0 /opt/homebrew/Cellar/avr-gcc@9/9.5.0/lib/avr-gcc/9/gcc/avr/9.5.0/avr5/libgcc.a(_udivmodhi4.o)
 .text.libgcc.fmul
                0x00001a68        0x0 /opt/homebrew/Cellar/avr-gcc@9/9.5.0/lib/avr-gcc/9/gcc/avr/9.5.0/avr5/libgcc.a(_udivmodhi4.o)
 .text.libgcc.fixed
                0x00001a68        0x0 /opt/homebrew/Cellar/avr-gcc@9/9.5.0/lib/avr-gcc/9/gcc/avr/9.5.0/avr5/libgcc.a(_udivmodhi4.o)
 .text.libgcc.mul
                0x00001a68        0x0 /opt/homebrew/Cellar/avr-gcc@9/9.5.0/lib/avr-gcc/9/gcc/avr/9.5.0/avr5/libgcc.a(_udivmodsi4.o)
 .text.libgcc.div
                0x00001a68       0x44 /opt/homebrew/Cellar/avr-gcc@9/9.5.0/lib/avr-gcc/9/gcc/avr/9.5.0/avr5/libgcc.a(_udivmodsi4.o)
                0x00001a68                __udivmodsi4
 .text.libgcc   0x00001aac        0x0 /opt/homebrew/Cellar/avr-gcc@9/9.5.0/lib/avr-gcc/9/gcc/avr/9.5.0/avr5/libgcc.a(_udivmodsi4.o)
 .text.libgcc.prologue
                0x00001aac        0x0 /opt/homebrew/Cellar/avr-gcc@9/9.5.0/lib/avr-gcc/9/gcc/avr/9.5.0/avr5/libgcc.a(_udivmodsi4.o)
 .text.libgcc.builtins
                0x00001aac        0x0 /opt/homebrew/Cellar/avr-gcc@9/9.5.0/lib/avr-gcc/9/gcc/avr/9.5.0/avr5/libgcc.a(_udivmodsi4.o)
 .text.libgcc.fmul
                0x00001aac        0x0 /opt/homebrew/Cellar/avr-gcc@9/9.5.0/lib/avr-gcc/9/gcc/avr/9.5.0/avr5/libgcc.a(_udivmodsi4.o)
 .text.libgcc.fixed
                0x00001aac        0x0 /opt/homebrew/Cellar/avr-gcc@9/9.5.0/lib/avr-gcc/9/gcc/avr/9.5.0/avr5/libgcc.a(_udivmodsi4.o)
 .text.libgcc.mul
                0x00001aac        0x0 /opt/homebrew/Cellar/avr-gcc@9/9.5.0/lib/avr-gcc/9/gcc/avr/9.5.0/avr5/libgcc.a(_exit.o)
 .text.libgcc.div
                0x00001aac        0x0 /opt/homebrew/Cellar/avr-gcc@9/9.5.0/lib/avr-gcc/9/gcc/avr/9.5.0/avr5/libgcc.a(_exit.o)
 .text.libgcc   0x00001aac        0x0 /opt/homebrew/Cellar/avr-gcc@9/9.5.0/lib/avr-gcc/9/gcc/avr/9.5.0/avr5/libgcc.a(_exit.o)
 .text.libgcc.prologue
                0x00001aac        0x0 /opt/homebrew/Cellar/avr-gcc@9/9.5.0/lib/avr-gcc/9/gcc/avr/9.5.0/avr5/libgcc.a(_exit.o)
 .text.libgcc.builtins
                0x00001aac        0x0 /opt/homebrew/Cellar/avr-gcc@9/9.5.0/lib/avr-gcc/9/gcc/avr/9.5.0/avr5/libgcc.a(_exit.o)
 .text.libgcc.fmul
                0x00001aac        0x0 /opt/homebrew/Cellar/avr-gcc@9/9.5.0/lib/avr-gcc/9/gcc/avr/9.5.0/avr5/libgcc.a(_exit.o)
 .text.libgcc.fixed
                0x00001aac        0x0 /opt/homebrew/Cellar/avr-gcc@9/9.5.0/lib/avr-gcc/9/gcc/avr/9.5.0/avr5/libgcc.a(_exit.o)
 .text.libgcc.mul
                0x00001aac        0x0 /opt/homebrew/Cellar/avr-gcc@9/9.5.0/lib/avr-gcc/9/gcc/avr/9.5.0/avr5/libgcc.a(_tablejump2.o)
 .text.libgcc.div
                0x00001aac        0x0 /opt/homebrew/Cellar/avr-gcc@9/9.5.0/lib/avr-gcc/9/gcc/avr/9.5.0/avr5/libgcc.a(_tablejump2.o)
 .text.libgcc   0x00001aac        0xc /opt/homebrew/Cellar/avr-gcc@9/9.5.0/lib/avr-gcc/9/gcc/avr/9.5.0/avr5/libgcc.a(_tablejump2.o)
                0x00001aac                __tablejump2__
 .text.libgcc.prologue
                0x00001ab8        0x0 /opt/homebrew/Cellar/avr-gcc@9/9.5.0/lib/avr-gcc/9/gcc/avr/9.5.0/avr5/libgcc.a(_tablejump2.o)
 .text.libgcc.builtins
                0x00001ab8        0x0 /opt/homebrew/Cellar/avr-gcc@9/9.5.0/lib/avr-gcc/9/gcc/avr/9.5.0/avr5/libgcc.a(_tablejump2.o)
 .text.libgcc.fmul
                0x00001ab8        0x0 /opt/homebrew/Cellar/avr-gcc@9/9.5.0/lib/avr-gcc/9/gcc/avr/9.5.0/avr5/libgcc.a(_tablejump2.o)
 .text.libgcc.fixed
                0x00001ab8        0x0 /opt/homebrew/Cellar/avr-gcc@9/9.5.0/lib/avr-gcc/9/gcc/avr/9.5.0/avr5/libgcc.a(_tablejump2.o)
 .text.libgcc.mul
                0x00001ab8        0x0 /opt/homebrew/Cellar/avr-gcc@9/9.5.0/lib/avr-gcc/9/gcc/avr/9.5.0/avr5/libgcc.a(_copy_data.o)
 .text.libgcc.div
                0x00001ab8        0x0 /opt/homebrew/Cellar/avr-gcc@9/9.5.0/lib/avr-gcc/9/gcc/avr/9.5.0/avr5/libgcc.a(_copy_data.o)
 .text.libgcc   0x00001ab8        0x0 /opt/homebrew/Cellar/avr-gcc@9/9.5.0/lib/avr-gcc/9/gcc/avr/9.5.0/avr5/libgcc.a(_copy_data.o)
 .text.libgcc.prologue
                0x00001ab8        0x0 /opt/homebrew/Cellar/avr-gcc@9/9.5.0/lib/avr-gcc/9/gcc/avr/9.5.0/avr5/libgcc.a(_copy_data.o)
 .text.libgcc.builtins
                0x00001ab8        0x0 /opt/homebrew/Cellar/avr-gcc@9/9.5.0/lib/avr-gcc/9/gcc/avr/9.5.0/avr5/libgcc.a(_copy_data.o)
 .text.libgcc.fmul
                0x00001ab8        0x0 /opt/homebrew/Cellar/avr-gcc@9/9.5.0/lib/avr-gcc/9/gcc/avr/9.5.0/avr5/libgcc.a(_copy_data.o)
 .text.libgcc.fixed
                0x00001ab8        0x0 /opt/homebrew/Cellar/avr-gcc@9/9.5.0/lib/avr-gcc/9/gcc/avr/9.5.0/avr5/libgcc.a(_copy_data.o)
 .text.libgcc.mul
                0x00001ab8        0x0 /opt/homebrew/Cellar/avr-gcc@9/9.5.0/lib/avr-gcc/9/gcc/avr/9.5.0/avr5/libgcc.a(_clear_bss.o)
 .text.libgcc.div
                0x00001ab8        0x0 /opt/homebrew/Cellar/avr-gcc@9/9.5.0/lib/avr-gcc/9/gcc/avr/9.5.0/avr5/libgcc.a(_clear_bss.o)
 .text.libgcc   0x00001ab8        0x0 /opt/homebrew/Cellar/avr-gcc@9/9.5.0/lib/avr-gcc/9/gcc/avr/9.5.0/avr5/libgcc.a(_clear_bss.o)
 .text.libgcc.prologue
                0x00001ab8        0x0 /opt/homebrew/Cellar/avr-gcc@9/9.5.0/lib/avr-gcc/9/gcc/avr/9.5.0/avr5/libgcc.a(_clear_bss.o)
 .text.libgcc.builtins
                0x00001ab8        0x0 /opt/homebrew/Cellar/avr-gcc@9/9.5.0/lib/avr-gcc/9/gcc/avr/9.5.0/avr5/libgcc.a(_clear_bss.o)
 .text.libgcc.fmul
                0x00001ab8        0x0 /opt/homebrew/Cellar/avr-gcc@9/9.5.0/lib/avr-gcc/9/gcc/avr/9.5.0/avr5/libgcc.a(_clear_bss.o)
 .text.libgcc.fixed
                0x00001ab8        0x0 /opt/homebrew/Cellar/avr-gcc@9/9.5.0/lib/avr-gcc/9/gcc/avr/9.5.0/avr5/libgcc.a(_clear_bss.o)
 .text.libgcc.mul
                0x00001ab8       0x1e /opt/homebrew/Cellar/avr-gcc@9/9.5.0/lib/avr-gcc/9/gcc/avr/9.5.0/avr5/libgcc.a(_umulhisi3.o)
                0x00001ab8                __umulhisi3
 .text.libgcc.div
                0x00001ad6        0x0 /opt/homebrew/Cellar/avr-gcc@9/9.5.0/lib/avr-gcc/9/gcc/avr/9.5.0/avr5/libgcc.a(_umulhisi3.o)
 .text.libgcc   0x00001ad6        0x0 /opt/homebrew/Cellar/avr-gcc@9/9.5.0/lib/avr-gcc/9/gcc/avr/9.5.0/avr5/libgcc.a(_umulhisi3.o)
 .text.libgcc.prologue
                0x00001ad6        0x0 /opt/homebrew/Cellar/avr-gcc@9/9.5.0/lib/avr-gcc/9/gcc/avr/9.5.0/avr5/libgcc.a(_umulhisi3.o)
 .text.libgcc.builtins
                0x00001ad6        0x0 /opt/homebrew/Cellar/avr-gcc@9/9.5.0/lib/avr-gcc/9/gcc/avr/9.5.0/avr5/libgcc.a(_umulhisi3.o)
 .text.libgcc.fmul
                0x00001ad6        0x0 /opt/homebrew/Cellar/avr-gcc@9/9.5.0/lib/avr-gcc/9/gcc/avr/9.5.0/avr5/libgcc.a(_umulhisi3.o)
 .text.libgcc.fixed
                0x00001ad6        0x0 /opt/homebrew/Cellar/avr-gcc@9/9.5.0/lib/avr-gcc/9/gcc/avr/9.5.0/avr5/libgcc.a(_umulhisi3.o)
                0x00001ad6                        . = ALIGN (0x2)
 *(.fini9)
 .fini9         0x00001ad6        0x0 /opt/homebrew/Cellar/avr-gcc@9/9.5.0/lib/avr-gcc/9/gcc/avr/9.5.0/avr5/libgcc.a(_exit.o)
                0x00001ad6                exit
                0x00001ad6                _exit
 *(.fini9)
 *(.fini8)
 *(.fini8)
 *(.fini7)
 *(.fini7)
 *(.fini6)
 *(.fini6)
 *(.fini5)
 *(.fini5)
 *(.fini4)
 *(.fini4)
 *(.fini3)
 *(.fini3)
 *(.fini2)
 *(.fini2)
 *(.fini1)
 *(.fini1)
 *(.fini0)
 .fini0         0x00001ad6        0x4 /opt/homebrew/Cellar/avr-gcc@9/9.5.0/lib/avr-gcc/9/gcc/avr/9.5.0/avr5/libgcc.a(_exit.o)
 *(.fini0)
 *(.hightext)
 *(.hightext*)
 *(.progmemx)
 *(.progmemx.*)
                0x00001ada                        . = ALIGN (0x2)
 *(.jumptables)
 *(.jumptables*)
 .jumptables.gcc.protocol_process_byte
                0x00001ada        0xc build/protocol.o
                0x00001ae6                        _etext = .

.data           0x00800100        0xa load address 0x00001ae6
                0x00800100                        PROVIDE (__data_start = .)
 *(.data)
 .data          0x00800100        0x0 /opt/homebrew/Cellar/avr-gcc@9/9.5.0/lib/avr-gcc/9/gcc/avr/9.5.0/../../../../../../avr/lib/avr5/crtatmega328p.o
 .data          0x00800100        0x0 build/main.o
 .data          0x00800100        0x0 build/system_time.o
 .data          0x00800100        0x0 build/timing.o
 .data          0x00800100        0x0 build/scheduler.o
 .data          0x00800100        0x0 build/adc.o
 .data          0x00800100        0x0 build/hcsr04.o
 .data          0x00800100        0x0 build/stepper.o
 .data          0x00800100        0x2 build/servo.o
 .data          0x00800102        0x0 build/dc_motor.o
 .data          0x00800102        0x0 build/relay.o
 .data          0x00800102        0x0 build/system_fsm.o
 .data          0x00800102        0x0 build/safety.o
 .data          0x00800102        0x0 build/diagnostics.o
 .data          0x00800102        0x0 build/timing_profiler.o
 .data          0x00800102        0x0 build/memory_profiler.o
 .data          0x00800102        0x0 build/runtime_profiler.o
 .data          0x00800102        0x0 build/uart.o
 .data          0x00800102        0x0 build/watchdog.o
 .data          0x00800102        0x0 build/crc8.o
 .data          0x00800102        0x0 build/protocol.o
 .data          0x00800102        0x0 /opt/homebrew/Cellar/avr-gcc@9/9.5.0/lib/avr-gcc/9/gcc/avr/9.5.0/avr5/libgcc.a(_udivmodhi4.o)
 .data          0x00800102        0x0 /opt/homebrew/Cellar/avr-gcc@9/9.5.0/lib/avr-gcc/9/gcc/avr/9.5.0/avr5/libgcc.a(_udivmodsi4.o)
 .data          0x00800102        0x0 /opt/homebrew/Cellar/avr-gcc@9/9.5.0/lib/avr-gcc/9/gcc/avr/9.5.0/avr5/libgcc.a(_exit.o)
 .data          0x00800102        0x0 /opt/homebrew/Cellar/avr-gcc@9/9.5.0/lib/avr-gcc/9/gcc/avr/9.5.0/avr5/libgcc.a(_tablejump2.o)
 .data          0x00800102        0x0 /opt/homebrew/Cellar/avr-gcc@9/9.5.0/lib/avr-gcc/9/gcc/avr/9.5.0/avr5/libgcc.a(_copy_data.o)
 .data          0x00800102        0x0 /opt/homebrew/Cellar/avr-gcc@9/9.5.0/lib/avr-gcc/9/gcc/avr/9.5.0/avr5/libgcc.a(_clear_bss.o)
 .data          0x00800102        0x0 /opt/homebrew/Cellar/avr-gcc@9/9.5.0/lib/avr-gcc/9/gcc/avr/9.5.0/avr5/libgcc.a(_umulhisi3.o)
 *(.data*)
 *(.gnu.linkonce.d*)
 *(.rodata)
 .rodata        0x00800102        0x7 build/stepper.o
 *(.rodata*)
 *(.gnu.linkonce.r*)
                0x0080010a                        . = ALIGN (0x2)
 *fill*         0x00800109        0x1 
                0x0080010a                        _edata = .
                0x0080010a                        PROVIDE (__data_end = .)

.bss            0x0080010a      0x114
                0x0080010a                        PROVIDE (__bss_start = .)
 *(.bss)
 .bss           0x0080010a        0x0 /opt/homebrew/Cellar/avr-gcc@9/9.5.0/lib/avr-gcc/9/gcc/avr/9.5.0/../../../../../../avr/lib/avr5/crtatmega328p.o
 .bss           0x0080010a        0x8 build/main.o
 .bss           0x00800112        0x4 build/system_time.o
 .bss           0x00800116        0x0 build/timing.o
 .bss           0x00800116       0x2c build/scheduler.o
 .bss           0x00800142        0x0 build/adc.o
 .bss           0x00800142        0x6 build/hcsr04.o
 .bss           0x00800148        0x1 build/stepper.o
 .bss           0x00800149        0x1 build/servo.o
 .bss           0x0080014a        0x0 build/dc_motor.o
 .bss           0x0080014a        0x0 build/relay.o
 .bss           0x0080014a        0x2 build/system_fsm.o
 .bss           0x0080014c        0x0 build/safety.o
 .bss           0x0080014c        0x4 build/diagnostics.o
 .bss           0x00800150       0x24 build/timing_profiler.o
 .bss           0x00800174        0x4 build/memory_profiler.o
 .bss           0x00800178       0x10 build/runtime_profiler.o
 .bss           0x00800188       0x65 build/uart.o
 .bss           0x008001ed        0x0 build/watchdog.o
 .bss           0x008001ed        0x0 build/crc8.o
 .bss           0x008001ed       0x31 build/protocol.o
 .bss           0x0080021e        0x0 /opt/homebrew/Cellar/avr-gcc@9/9.5.0/lib/avr-gcc/9/gcc/avr/9.5.0/avr5/libgcc.a(_udivmodhi4.o)
 .bss           0x0080021e        0x0 /opt/homebrew/Cellar/avr-gcc@9/9.5.0/lib/avr-gcc/9/gcc/avr/9.5.0/avr5/libgcc.a(_udivmodsi4.o)
 .bss           0x0080021e        0x0 /opt/homebrew/Cellar/avr-gcc@9/9.5.0/lib/avr-gcc/9/gcc/avr/9.5.0/avr5/libgcc.a(_exit.o)
 .bss           0x0080021e        0x0 /opt/homebrew/Cellar/avr-gcc@9/9.5.0/lib/avr-gcc/9/gcc/avr/9.5.0/avr5/libgcc.a(_tablejump2.o)
 .bss           0x0080021e        0x0 /opt/homebrew/Cellar/avr-gcc@9/9.5.0/lib/avr-gcc/9/gcc/avr/9.5.0/avr5/libgcc.a(_copy_data.o)
 .bss           0x0080021e        0x0 /opt/homebrew/Cellar/avr-gcc@9/9.5.0/lib/avr-gcc/9/gcc/avr/9.5.0/avr5/libgcc.a(_clear_bss.o)
 .bss           0x0080021e        0x0 /opt/homebrew/Cellar/avr-gcc@9/9.5.0/lib/avr-gcc/9/gcc/avr/9.5.0/avr5/libgcc.a(_umulhisi3.o)
 *(.bss*)
 *(COMMON)
                0x0080021e                        PROVIDE (__bss_end = .)
                0x00001ae6                        __data_load_start = LOADADDR (.data)
                0x00001af0                        __data_load_end = (__data_load_start + SIZEOF (.data))

.noinit         0x0080021e        0x4
                [!provide]                        PROVIDE (__noinit_start = .)
 *(.noinit .noinit.* .gnu.linkonce.n.*)
 .noinit        0x0080021e        0x4 build/watchdog.o
                [!provide]                        PROVIDE (__noinit_end = .)
                0x00800222                        _end = .
                0x00800222                        PROVIDE (__heap_start = .)
                0x00000000                        __flmap_init_label = DEFINED (__flmap_noinit_start)?__flmap_noinit_start:0x0
                0x00000000                        __flmap = DEFINED (__flmap)?__flmap:0x0

.eeprom         0x00810000        0x0
 *(.eeprom*)
                0x00810000                        __eeprom_end = .

.fuse
 *(.fuse)
 *(.lfuse)
 *(.hfuse)
 *(.efuse)

.lock
 *(.lock*)

.signature
 *(.signature*)

.stab
 *(.stab)

.stabstr
 *(.stabstr)

.stab.excl
 *(.stab.excl)

.stab.exclstr
 *(.stab.exclstr)

.stab.index
 *(.stab.index)

.stab.indexstr
 *(.stab.indexstr)

.comment        0x00000000       0x24
 *(.comment)
 .comment       0x00000000       0x24 build/main.o
                                 0x25 (size before relaxing)
 .comment       0x00000024        0x0 build/system_time.o
                                 0x25 (size before relaxing)
 .comment       0x00000024        0x0 build/timing.o
                                 0x25 (size before relaxing)
 .comment       0x00000024        0x0 build/scheduler.o
                                 0x25 (size before relaxing)
 .comment       0x00000024        0x0 build/adc.o
                                 0x25 (size before relaxing)
 .comment       0x00000024        0x0 build/hcsr04.o
                                 0x25 (size before relaxing)
 .comment       0x00000024        0x0 build/stepper.o
                                 0x25 (size before relaxing)
 .comment       0x00000024        0x0 build/servo.o
                                 0x25 (size before relaxing)
 .comment       0x00000024        0x0 build/dc_motor.o
                                 0x25 (size before relaxing)
 .comment       0x00000024        0x0 build/relay.o
                                 0x25 (size before relaxing)
 .comment       0x00000024        0x0 build/system_fsm.o
                                 0x25 (size before relaxing)
 .comment       0x00000024        0x0 build/safety.o
                                 0x25 (size before relaxing)
 .comment       0x00000024        0x0 build/diagnostics.o
                                 0x25 (size before relaxing)
 .comment       0x00000024        0x0 build/timing_profiler.o
                                 0x25 (size before relaxing)
 .comment       0x00000024        0x0 build/memory_profiler.o
                                 0x25 (size before relaxing)
 .comment       0x00000024        0x0 build/runtime_profiler.o
                                 0x25 (size before relaxing)
 .comment       0x00000024        0x0 build/uart.o
                                 0x25 (size before relaxing)
 .comment       0x00000024        0x0 build/watchdog.o
                                 0x25 (size before relaxing)
 .comment       0x00000024        0x0 build/crc8.o
                                 0x25 (size before relaxing)
 .comment       0x00000024        0x0 build/protocol.o
                                 0x25 (size before relaxing)

.note.gnu.avr.deviceinfo
                0x00000000       0x40
 .note.gnu.avr.deviceinfo
                0x00000000       0x40 /opt/homebrew/Cellar/avr-gcc@9/9.5.0/lib/avr-gcc/9/gcc/avr/9.5.0/../../../../../../avr/lib/avr5/crtatmega328p.o

.gnu.build.attributes
 *(.gnu.build.attributes .gnu.build.attributes.*)

.note.gnu.build-id
 *(.note.gnu.build-id)

.debug
 *(.debug)

.line
 *(.line)

.debug_srcinfo
 *(.debug_srcinfo)

.debug_sfnames
 *(.debug_sfnames)

.debug_aranges  0x00000000       0xe0
 *(.debug_aranges)
 .debug_aranges
                0x00000000       0x20 /opt/homebrew/Cellar/avr-gcc@9/9.5.0/lib/avr-gcc/9/gcc/avr/9.5.0/avr5/libgcc.a(_udivmodhi4.o)
 .debug_aranges
                0x00000020       0x20 /opt/homebrew/Cellar/avr-gcc@9/9.5.0/lib/avr-gcc/9/gcc/avr/9.5.0/avr5/libgcc.a(_udivmodsi4.o)
 .debug_aranges
                0x00000040       0x20 /opt/homebrew/Cellar/avr-gcc@9/9.5.0/lib/avr-gcc/9/gcc/avr/9.5.0/avr5/libgcc.a(_exit.o)
 .debug_aranges
                0x00000060       0x20 /opt/homebrew/Cellar/avr-gcc@9/9.5.0/lib/avr-gcc/9/gcc/avr/9.5.0/avr5/libgcc.a(_tablejump2.o)
 .debug_aranges
                0x00000080       0x20 /opt/homebrew/Cellar/avr-gcc@9/9.5.0/lib/avr-gcc/9/gcc/avr/9.5.0/avr5/libgcc.a(_copy_data.o)
 .debug_aranges
                0x000000a0       0x20 /opt/homebrew/Cellar/avr-gcc@9/9.5.0/lib/avr-gcc/9/gcc/avr/9.5.0/avr5/libgcc.a(_clear_bss.o)
 .debug_aranges
                0x000000c0       0x20 /opt/homebrew/Cellar/avr-gcc@9/9.5.0/lib/avr-gcc/9/gcc/avr/9.5.0/avr5/libgcc.a(_umulhisi3.o)

.debug_pubnames
 *(.debug_pubnames)

.debug_info     0x00000000      0x6fe
 *(.debug_info .gnu.linkonce.wi.*)
 .debug_info    0x00000000      0x5f4 /opt/homebrew/Cellar/avr-gcc@9/9.5.0/lib/avr-gcc/9/gcc/avr/9.5.0/../../../../../../avr/lib/avr5/crtatmega328p.o
 .debug_info    0x000005f4       0x26 /opt/homebrew/Cellar/avr-gcc@9/9.5.0/lib/avr-gcc/9/gcc/avr/9.5.0/avr5/libgcc.a(_udivmodhi4.o)
 .debug_info    0x0000061a       0x26 /opt/homebrew/Cellar/avr-gcc@9/9.5.0/lib/avr-gcc/9/gcc/avr/9.5.0/avr5/libgcc.a(_udivmodsi4.o)
 .debug_info    0x00000640       0x26 /opt/homebrew/Cellar/avr-gcc@9/9.5.0/lib/avr-gcc/9/gcc/avr/9.5.0/avr5/libgcc.a(_exit.o)
 .debug_info    0x00000666       0x26 /opt/homebrew/Cellar/avr-gcc@9/9.5.0/lib/avr-gcc/9/gcc/avr/9.5.0/avr5/libgcc.a(_tablejump2.o)
 .debug_info    0x0000068c       0x26 /opt/homebrew/Cellar/avr-gcc@9/9.5.0/lib/avr-gcc/9/gcc/avr/9.5.0/avr5/libgcc.a(_copy_data.o)
 .debug_info    0x000006b2       0x26 /opt/homebrew/Cellar/avr-gcc@9/9.5.0/lib/avr-gcc/9/gcc/avr/9.5.0/avr5/libgcc.a(_clear_bss.o)
 .debug_info    0x000006d8       0x26 /opt/homebrew/Cellar/avr-gcc@9/9.5.0/lib/avr-gcc/9/gcc/avr/9.5.0/avr5/libgcc.a(_umulhisi3.o)

.debug_abbrev   0x00000000      0x62e
 *(.debug_abbrev)
 .debug_abbrev  0x00000000      0x5a2 /opt/homebrew/Cellar/avr-gcc@9/9.5.0/lib/avr-gcc/9/gcc/avr/9.5.0/../../../../../../avr/lib/avr5/crtatmega328p.o
 .debug_abbrev  0x000005a2       0x14 /opt/homebrew/Cellar/avr-gcc@9/9.5.0/lib/avr-gcc/9/gcc/avr/9.5.0/avr5/libgcc.a(_udivmodhi4.o)
 .debug_abbrev  0x000005b6       0x14 /opt/homebrew/Cellar/avr-gcc@9/9.5.0/lib/avr-gcc/9/gcc/avr/9.5.0/avr5/libgcc.a(_udivmodsi4.o)
 .debug_abbrev  0x000005ca       0x14 /opt/homebrew/Cellar/avr-gcc@9/9.5.0/lib/avr-gcc/9/gcc/avr/9.5.0/avr5/libgcc.a(_exit.o)
 .debug_abbrev  0x000005de       0x14 /opt/homebrew/Cellar/avr-gcc@9/9.5.0/lib/avr-gcc/9/gcc/avr/9.5.0/avr5/libgcc.a(_tablejump2.o)
 .debug_abbrev  0x000005f2       0x14 /opt/homebrew/Cellar/avr-gcc@9/9.5.0/lib/avr-gcc/9/gcc/avr/9.5.0/avr5/libgcc.a(_copy_data.o)
 .debug_abbrev  0x00000606       0x14 /opt/homebrew/Cellar/avr-gcc@9/9.5.0/lib/avr-gcc/9/gcc/avr/9.5.0/avr5/libgcc.a(_clear_bss.o)
 .debug_abbrev  0x0000061a       0x14 /opt/homebrew/Cellar/avr-gcc@9/9.5.0/lib/avr-gcc/9/gcc/avr/9.5.0/avr5/libgcc.a(_umulhisi3.o)

.debug_line     0x00000000      0x49b
 *(.debug_line .debug_line.* .debug_line_end)
 .debug_line    0x00000000       0x1d /opt/homebrew/Cellar/avr-gcc@9/9.5.0/lib/avr-gcc/9/gcc/avr/9.5.0/../../../../../../avr/lib/avr5/crtatmega328p.o
 .debug_line    0x0000001d       0xca /opt/homebrew/Cellar/avr-gcc@9/9.5.0/lib/avr-gcc/9/gcc/avr/9.5.0/avr5/libgcc.a(_udivmodhi4.o)
 .debug_line    0x000000e7      0x11e /opt/homebrew/Cellar/avr-gcc@9/9.5.0/lib/avr-gcc/9/gcc/avr/9.5.0/avr5/libgcc.a(_udivmodsi4.o)
 .debug_line    0x00000205       0x5e /opt/homebrew/Cellar/avr-gcc@9/9.5.0/lib/avr-gcc/9/gcc/avr/9.5.0/avr5/libgcc.a(_exit.o)
 .debug_line    0x00000263       0x76 /opt/homebrew/Cellar/avr-gcc@9/9.5.0/lib/avr-gcc/9/gcc/avr/9.5.0/avr5/libgcc.a(_tablejump2.o)
 .debug_line    0x000002d9       0x94 /opt/homebrew/Cellar/avr-gcc@9/9.5.0/lib/avr-gcc/9/gcc/avr/9.5.0/avr5/libgcc.a(_copy_data.o)
 .debug_line    0x0000036d       0x82 /opt/homebrew/Cellar/avr-gcc@9/9.5.0/lib/avr-gcc/9/gcc/avr/9.5.0/avr5/libgcc.a(_clear_bss.o)
 .debug_line    0x000003ef       0xac /opt/homebrew/Cellar/avr-gcc@9/9.5.0/lib/avr-gcc/9/gcc/avr/9.5.0/avr5/libgcc.a(_umulhisi3.o)

.debug_frame
 *(.debug_frame)

.debug_str      0x00000000      0x28d
 *(.debug_str)
 .debug_str     0x00000000      0x208 /opt/homebrew/Cellar/avr-gcc@9/9.5.0/lib/avr-gcc/9/gcc/avr/9.5.0/../../../../../../avr/lib/avr5/crtatmega328p.o
 .debug_str     0x00000208       0x85 /opt/homebrew/Cellar/avr-gcc@9/9.5.0/lib/avr-gcc/9/gcc/avr/9.5.0/avr5/libgcc.a(_udivmodhi4.o)
 .debug_str     0x0000028d        0x0 /opt/homebrew/Cellar/avr-gcc@9/9.5.0/lib/avr-gcc/9/gcc/avr/9.5.0/avr5/libgcc.a(_udivmodsi4.o)
                                 0x85 (size before relaxing)
 .debug_str     0x0000028d        0x0 /opt/homebrew/Cellar/avr-gcc@9/9.5.0/lib/avr-gcc/9/gcc/avr/9.5.0/avr5/libgcc.a(_exit.o)
                                 0x85 (size before relaxing)
 .debug_str     0x0000028d        0x0 /opt/homebrew/Cellar/avr-gcc@9/9.5.0/lib/avr-gcc/9/gcc/avr/9.5.0/avr5/libgcc.a(_tablejump2.o)
                                 0x85 (size before relaxing)
 .debug_str     0x0000028d        0x0 /opt/homebrew/Cellar/avr-gcc@9/9.5.0/lib/avr-gcc/9/gcc/avr/9.5.0/avr5/libgcc.a(_copy_data.o)
                                 0x85 (size before relaxing)
 .debug_str     0x0000028d        0x0 /opt/homebrew/Cellar/avr-gcc@9/9.5.0/lib/avr-gcc/9/gcc/avr/9.5.0/avr5/libgcc.a(_clear_bss.o)
                                 0x85 (size before relaxing)
 .debug_str     0x0000028d        0x0 /opt/homebrew/Cellar/avr-gcc@9/9.5.0/lib/avr-gcc/9/gcc/avr/9.5.0/avr5/libgcc.a(_umulhisi3.o)
                                 0x85 (size before relaxing)

.debug_loc
 *(.debug_loc)

.debug_macinfo
 *(.debug_macinfo)

.debug_weaknames
 *(.debug_weaknames)

.debug_funcnames
 *(.debug_funcnames)

.debug_typenames
 *(.debug_typenames)

.debug_varnames
 *(.debug_varnames)

.debug_pubtypes
 *(.debug_pubtypes)

.debug_ranges
 *(.debug_ranges)

.debug_addr
 *(.debug_addr)

.debug_line_str
 *(.debug_line_str)

.debug_loclists
 *(.debug_loclists)

.debug_macro
 *(.debug_macro)

.debug_names
 *(.debug_names)

.debug_rnglists
 *(.debug_rnglists)

.debug_str_offsets
 *(.debug_str_offsets)

.debug_sup
 *(.debug_sup)
OUTPUT(build/sentry-cell-uno.elf elf32-avr)
LOAD linker stubs
